<?xml version="1.0" encoding="UTF-8"?>
<testng-results ignored="0" total="12" passed="12" failed="0" skipped="0">
  <reporter-output>
    <line>
      <![CDATA[testuser@gmail.com]]>
    </line>
    <line>
      <![CDATA[abc@123]]>
    </line>
    <line>
      <![CDATA[TESTUSER@gmail.com]]>
    </line>
    <line>
      <![CDATA[123456.0]]>
    </line>
    <line>
      <![CDATA[123_USER_low@gmail.com]]>
    </line>
    <line>
      <![CDATA[QWERTY!!!!]]>
    </line>
  </reporter-output>
  <suite started-at="2026-04-06T09:57:33 IST" name="QTrip Suite" finished-at="2026-04-06T10:01:25 IST" duration-ms="231687">
    <groups>
      <group name="Booking and Cancellation Flow">
        <method signature="Testcase03.TestCase03(java.lang.String,java.lang.String,java.lang.String,java.lang.String,java.lang.String,java.lang.String,java.lang.String)[pri:3, instance:qtriptest.tests.Testcase03@4d0d9fe7]" name="TestCase03" class="qtriptest.tests.Testcase03"/>
      </group> <!-- Booking and Cancellation Flow -->
      <group name="Reliability Flow">
        <method signature="Testcase04.TestCase04(java.lang.String,java.lang.String,java.lang.String,java.lang.String,java.lang.String)[pri:4, instance:qtriptest.tests.Testcase04@c430e6c]" name="TestCase04" class="qtriptest.tests.Testcase04"/>
      </group> <!-- Reliability Flow -->
      <group name="Search and Filter flow">
        <method signature="Testcase02.TestCase02(java.lang.String,java.lang.String,java.lang.String,java.lang.String,java.lang.String)[pri:2, instance:qtriptest.tests.Testcase02@4a8355dd]" name="TestCase02" class="qtriptest.tests.Testcase02"/>
      </group> <!-- Search and Filter flow -->
      <group name="Login Flow">
        <method signature="Testcase01.TestCase01(java.lang.String,java.lang.String)[pri:1, instance:qtriptest.tests.Testcase01@7c37508a]" name="TestCase01" class="qtriptest.tests.Testcase01"/>
      </group> <!-- Login Flow -->
    </groups>
    <test started-at="2026-04-06T09:57:33 IST" name="QTrip Tests" finished-at="2026-04-06T10:01:25 IST" duration-ms="231687">
      <class name="qtriptest.tests.Testcase04">
        <test-method is-config="true" signature="setUp()[pri:0, instance:qtriptest.tests.Testcase04@c430e6c]" started-at="2026-04-06T09:59:50 IST" name="setUp" finished-at="2026-04-06T09:59:54 IST" duration-ms="4446" status="PASS">
          <reporter-output>
          </reporter-output>
        </test-method> <!-- setUp -->
        <test-method signature="TestCase04(java.lang.String,java.lang.String,java.lang.String,java.lang.String,java.lang.String)[pri:4, instance:qtriptest.tests.Testcase04@c430e6c]" started-at="2026-04-06T09:59:54 IST" name="TestCase04" description="Test Case 4: Verify Reliability of Booking Flow" data-provider="data-provider" finished-at="2026-04-06T10:00:19 IST" duration-ms="24465" status="PASS">
          <params>
            <param index="0">
              <value>
                <![CDATA[TC4_1@gmail.com]]>
              </value>
            </param>
            <param index="1">
              <value>
                <![CDATA[abc@123]]>
              </value>
            </param>
            <param index="2">
              <value>
                <![CDATA[Bengaluru;Niaboytown;Chicky;01-01-2027;2]]>
              </value>
            </param>
            <param index="3">
              <value>
                <![CDATA[Kolkata;Thton;Cha Cha;01-02-2027;3]]>
              </value>
            </param>
            <param index="4">
              <value>
                <![CDATA[Malaysia;Wootkentree;Bom Bom;02-12-2027;1]]>
              </value>
            </param>
          </params>
          <reporter-output>
          </reporter-output>
        </test-method> <!-- TestCase04 -->
        <test-method is-config="true" signature="tearDown()[pri:0, instance:qtriptest.tests.Testcase04@c430e6c]" started-at="2026-04-06T10:00:19 IST" name="tearDown" finished-at="2026-04-06T10:00:19 IST" duration-ms="429" status="PASS">
          <reporter-output>
          </reporter-output>
        </test-method> <!-- tearDown -->
        <test-method is-config="true" signature="setUp()[pri:0, instance:qtriptest.tests.Testcase04@c430e6c]" started-at="2026-04-06T10:00:19 IST" name="setUp" finished-at="2026-04-06T10:00:28 IST" duration-ms="9059" status="PASS">
          <reporter-output>
          </reporter-output>
        </test-method> <!-- setUp -->
        <test-method signature="TestCase04(java.lang.String,java.lang.String,java.lang.String,java.lang.String,java.lang.String)[pri:4, instance:qtriptest.tests.Testcase04@c430e6c]" started-at="2026-04-06T10:00:28 IST" name="TestCase04" description="Test Case 4: Verify Reliability of Booking Flow" data-provider="data-provider" finished-at="2026-04-06T10:00:53 IST" duration-ms="24497" status="PASS">
          <params>
            <param index="0">
              <value>
                <![CDATA[TC4_2@gmail.com]]>
              </value>
            </param>
            <param index="1">
              <value>
                <![CDATA[abc@321]]>
              </value>
            </param>
            <param index="2">
              <value>
                <![CDATA[Bengaluru;Fort Sionnnn;Chicky;01-01-2027;2]]>
              </value>
            </param>
            <param index="3">
              <value>
                <![CDATA[Kolkata;North Gelgoon;Cha Cha;01-02-2027;3]]>
              </value>
            </param>
            <param index="4">
              <value>
                <![CDATA[Malaysia;Wootkentree;Lya;02-12-2027;1]]>
              </value>
            </param>
          </params>
          <reporter-output>
          </reporter-output>
        </test-method> <!-- TestCase04 -->
        <test-method is-config="true" signature="tearDown()[pri:0, instance:qtriptest.tests.Testcase04@c430e6c]" started-at="2026-04-06T10:00:53 IST" name="tearDown" finished-at="2026-04-06T10:00:53 IST" duration-ms="255" status="PASS">
          <reporter-output>
          </reporter-output>
        </test-method> <!-- tearDown -->
        <test-method is-config="true" signature="setUp()[pri:0, instance:qtriptest.tests.Testcase04@c430e6c]" started-at="2026-04-06T10:00:53 IST" name="setUp" finished-at="2026-04-06T10:00:59 IST" duration-ms="6308" status="PASS">
          <reporter-output>
          </reporter-output>
        </test-method> <!-- setUp -->
        <test-method signature="TestCase04(java.lang.String,java.lang.String,java.lang.String,java.lang.String,java.lang.String)[pri:4, instance:qtriptest.tests.Testcase04@c430e6c]" started-at="2026-04-06T10:00:59 IST" name="TestCase04" description="Test Case 4: Verify Reliability of Booking Flow" data-provider="data-provider" finished-at="2026-04-06T10:01:24 IST" duration-ms="25295" status="PASS">
          <params>
            <param index="0">
              <value>
                <![CDATA[TC4_3@gmail.com]]>
              </value>
            </param>
            <param index="1">
              <value>
                <![CDATA[abc@321]]>
              </value>
            </param>
            <param index="2">
              <value>
                <![CDATA[Goa;Perthby;Chicky;01-01-2027;2]]>
              </value>
            </param>
            <param index="3">
              <value>
                <![CDATA[Bengaluru;Niaboytown;Chicky;01-01-2027;2]]>
              </value>
            </param>
            <param index="4">
              <value>
                <![CDATA[Bengaluru;Fort Sionnnn;Chicky;01-01-2027;2]]>
              </value>
            </param>
          </params>
          <reporter-output>
          </reporter-output>
        </test-method> <!-- TestCase04 -->
        <test-method is-config="true" signature="tearDown()[pri:0, instance:qtriptest.tests.Testcase04@c430e6c]" started-at="2026-04-06T10:01:24 IST" name="tearDown" finished-at="2026-04-06T10:01:25 IST" duration-ms="227" status="PASS">
          <reporter-output>
          </reporter-output>
        </test-method> <!-- tearDown -->
      </class> <!-- qtriptest.tests.Testcase04 -->
      <class name="qtriptest.tests.Testcase03">
        <test-method is-config="true" signature="setUp()[pri:0, instance:qtriptest.tests.Testcase03@4d0d9fe7]" started-at="2026-04-06T09:58:58 IST" name="setUp" finished-at="2026-04-06T09:59:01 IST" duration-ms="3460" status="PASS">
          <reporter-output>
          </reporter-output>
        </test-method> <!-- setUp -->
        <test-method signature="TestCase03(java.lang.String,java.lang.String,java.lang.String,java.lang.String,java.lang.String,java.lang.String,java.lang.String)[pri:3, instance:qtriptest.tests.Testcase03@4d0d9fe7]" started-at="2026-04-06T09:59:01 IST" name="TestCase03" description="Test Case 3: Verify Adventure Booking and Cancellation Flow" data-provider="data-provider" finished-at="2026-04-06T09:59:15 IST" duration-ms="13495" status="PASS">
          <params>
            <param index="0">
              <value>
                <![CDATA[TC3_1@gmaill.com]]>
              </value>
            </param>
            <param index="1">
              <value>
                <![CDATA[abc@123]]>
              </value>
            </param>
            <param index="2">
              <value>
                <![CDATA[Bengaluru]]>
              </value>
            </param>
            <param index="3">
              <value>
                <![CDATA[Niaboytown]]>
              </value>
            </param>
            <param index="4">
              <value>
                <![CDATA[palam]]>
              </value>
            </param>
            <param index="5">
              <value>
                <![CDATA[16-11-2026]]>
              </value>
            </param>
            <param index="6">
              <value>
                <![CDATA[2]]>
              </value>
            </param>
          </params>
          <reporter-output>
          </reporter-output>
        </test-method> <!-- TestCase03 -->
        <test-method is-config="true" signature="tearDown()[pri:0, instance:qtriptest.tests.Testcase03@4d0d9fe7]" started-at="2026-04-06T09:59:15 IST" name="tearDown" finished-at="2026-04-06T09:59:15 IST" duration-ms="201" status="PASS">
          <reporter-output>
          </reporter-output>
        </test-method> <!-- tearDown -->
        <test-method is-config="true" signature="setUp()[pri:0, instance:qtriptest.tests.Testcase03@4d0d9fe7]" started-at="2026-04-06T09:59:15 IST" name="setUp" finished-at="2026-04-06T09:59:20 IST" duration-ms="5563" status="PASS">
          <reporter-output>
          </reporter-output>
        </test-method> <!-- setUp -->
        <test-method signature="TestCase03(java.lang.String,java.lang.String,java.lang.String,java.lang.String,java.lang.String,java.lang.String,java.lang.String)[pri:3, instance:qtriptest.tests.Testcase03@4d0d9fe7]" started-at="2026-04-06T09:59:20 IST" name="TestCase03" description="Test Case 3: Verify Adventure Booking and Cancellation Flow" data-provider="data-provider" finished-at="2026-04-06T09:59:33 IST" duration-ms="12375" status="PASS">
          <params>
            <param index="0">
              <value>
                <![CDATA[TC3_2@gmail.com]]>
              </value>
            </param>
            <param index="1">
              <value>
                <![CDATA[abc@123]]>
              </value>
            </param>
            <param index="2">
              <value>
                <![CDATA[Singapore]]>
              </value>
            </param>
            <param index="3">
              <value>
                <![CDATA[Grand Ashland]]>
              </value>
            </param>
            <param index="4">
              <value>
                <![CDATA[biden]]>
              </value>
            </param>
            <param index="5">
              <value>
                <![CDATA[26-11-2026]]>
              </value>
            </param>
            <param index="6">
              <value>
                <![CDATA[4]]>
              </value>
            </param>
          </params>
          <reporter-output>
          </reporter-output>
        </test-method> <!-- TestCase03 -->
        <test-method is-config="true" signature="tearDown()[pri:0, instance:qtriptest.tests.Testcase03@4d0d9fe7]" started-at="2026-04-06T09:59:33 IST" name="tearDown" finished-at="2026-04-06T09:59:33 IST" duration-ms="191" status="PASS">
          <reporter-output>
          </reporter-output>
        </test-method> <!-- tearDown -->
        <test-method is-config="true" signature="setUp()[pri:0, instance:qtriptest.tests.Testcase03@4d0d9fe7]" started-at="2026-04-06T09:59:33 IST" name="setUp" finished-at="2026-04-06T09:59:36 IST" duration-ms="3467" status="PASS">
          <reporter-output>
          </reporter-output>
        </test-method> <!-- setUp -->
        <test-method signature="TestCase03(java.lang.String,java.lang.String,java.lang.String,java.lang.String,java.lang.String,java.lang.String,java.lang.String)[pri:3, instance:qtriptest.tests.Testcase03@4d0d9fe7]" started-at="2026-04-06T09:59:36 IST" name="TestCase03" description="Test Case 3: Verify Adventure Booking and Cancellation Flow" data-provider="data-provider" finished-at="2026-04-06T09:59:49 IST" duration-ms="13014" status="PASS">
          <params>
            <param index="0">
              <value>
                <![CDATA[TC3_3@gmail.com]]>
              </value>
            </param>
            <param index="1">
              <value>
                <![CDATA[abc@123]]>
              </value>
            </param>
            <param index="2">
              <value>
                <![CDATA[Bangkok]]>
              </value>
            </param>
            <param index="3">
              <value>
                <![CDATA[Tifwales Ferry]]>
              </value>
            </param>
            <param index="4">
              <value>
                <![CDATA[prabhu]]>
              </value>
            </param>
            <param index="5">
              <value>
                <![CDATA[26-12-2026]]>
              </value>
            </param>
            <param index="6">
              <value>
                <![CDATA[1]]>
              </value>
            </param>
          </params>
          <reporter-output>
          </reporter-output>
        </test-method> <!-- TestCase03 -->
        <test-method is-config="true" signature="tearDown()[pri:0, instance:qtriptest.tests.Testcase03@4d0d9fe7]" started-at="2026-04-06T09:59:49 IST" name="tearDown" finished-at="2026-04-06T09:59:50 IST" duration-ms="198" status="PASS">
          <reporter-output>
          </reporter-output>
        </test-method> <!-- tearDown -->
      </class> <!-- qtriptest.tests.Testcase03 -->
      <class name="qtriptest.tests.Testcase02">
        <test-method is-config="true" signature="setUp()[pri:0, instance:qtriptest.tests.Testcase02@4a8355dd]" started-at="2026-04-06T09:58:22 IST" name="setUp" finished-at="2026-04-06T09:58:26 IST" duration-ms="3337" status="PASS">
          <reporter-output>
          </reporter-output>
        </test-method> <!-- setUp -->
        <test-method signature="TestCase02(java.lang.String,java.lang.String,java.lang.String,java.lang.String,java.lang.String)[pri:2, instance:qtriptest.tests.Testcase02@4a8355dd]" started-at="2026-04-06T09:58:26 IST" name="TestCase02" description="Test Case 2: Verify functionality of Search and Filters" data-provider="data-provider" finished-at="2026-04-06T09:58:33 IST" duration-ms="7116" status="PASS">
          <params>
            <param index="0">
              <value>
                <![CDATA[Bengaluru]]>
              </value>
            </param>
            <param index="1">
              <value>
                <![CDATA[Cycling Routes]]>
              </value>
            </param>
            <param index="2">
              <value>
                <![CDATA[6-12 Hours]]>
              </value>
            </param>
            <param index="3">
              <value>
                <![CDATA[1]]>
              </value>
            </param>
            <param index="4">
              <value>
                <![CDATA[9]]>
              </value>
            </param>
          </params>
          <reporter-output>
          </reporter-output>
        </test-method> <!-- TestCase02 -->
        <test-method is-config="true" signature="tearDown()[pri:0, instance:qtriptest.tests.Testcase02@4a8355dd]" started-at="2026-04-06T09:58:33 IST" name="tearDown" finished-at="2026-04-06T09:58:33 IST" duration-ms="200" status="PASS">
          <reporter-output>
          </reporter-output>
        </test-method> <!-- tearDown -->
        <test-method is-config="true" signature="setUp()[pri:0, instance:qtriptest.tests.Testcase02@4a8355dd]" started-at="2026-04-06T09:58:33 IST" name="setUp" finished-at="2026-04-06T09:58:39 IST" duration-ms="6021" status="PASS">
          <reporter-output>
          </reporter-output>
        </test-method> <!-- setUp -->
        <test-method signature="TestCase02(java.lang.String,java.lang.String,java.lang.String,java.lang.String,java.lang.String)[pri:2, instance:qtriptest.tests.Testcase02@4a8355dd]" started-at="2026-04-06T09:58:39 IST" name="TestCase02" description="Test Case 2: Verify functionality of Search and Filters" data-provider="data-provider" finished-at="2026-04-06T09:58:46 IST" duration-ms="6403" status="PASS">
          <params>
            <param index="0">
              <value>
                <![CDATA[Singapore]]>
              </value>
            </param>
            <param index="1">
              <value>
                <![CDATA[Hillside Getaways]]>
              </value>
            </param>
            <param index="2">
              <value>
                <![CDATA[6-12 Hours]]>
              </value>
            </param>
            <param index="3">
              <value>
                <![CDATA[1]]>
              </value>
            </param>
            <param index="4">
              <value>
                <![CDATA[8]]>
              </value>
            </param>
          </params>
          <reporter-output>
          </reporter-output>
        </test-method> <!-- TestCase02 -->
        <test-method is-config="true" signature="tearDown()[pri:0, instance:qtriptest.tests.Testcase02@4a8355dd]" started-at="2026-04-06T09:58:46 IST" name="tearDown" finished-at="2026-04-06T09:58:46 IST" duration-ms="182" status="PASS">
          <reporter-output>
          </reporter-output>
        </test-method> <!-- tearDown -->
        <test-method is-config="true" signature="setUp()[pri:0, instance:qtriptest.tests.Testcase02@4a8355dd]" started-at="2026-04-06T09:58:46 IST" name="setUp" finished-at="2026-04-06T09:58:52 IST" duration-ms="5997" status="PASS">
          <reporter-output>
          </reporter-output>
        </test-method> <!-- setUp -->
        <test-method signature="TestCase02(java.lang.String,java.lang.String,java.lang.String,java.lang.String,java.lang.String)[pri:2, instance:qtriptest.tests.Testcase02@4a8355dd]" started-at="2026-04-06T09:58:52 IST" name="TestCase02" description="Test Case 2: Verify functionality of Search and Filters" data-provider="data-provider" finished-at="2026-04-06T09:58:57 IST" duration-ms="5607" status="PASS">
          <params>
            <param index="0">
              <value>
                <![CDATA[Goa]]>
              </value>
            </param>
            <param index="1">
              <value>
                <![CDATA[Party Spots]]>
              </value>
            </param>
            <param index="2">
              <value>
                <![CDATA[2-6 Hours]]>
              </value>
            </param>
            <param index="3">
              <value>
                <![CDATA[1]]>
              </value>
            </param>
            <param index="4">
              <value>
                <![CDATA[11]]>
              </value>
            </param>
          </params>
          <reporter-output>
          </reporter-output>
        </test-method> <!-- TestCase02 -->
        <test-method is-config="true" signature="tearDown()[pri:0, instance:qtriptest.tests.Testcase02@4a8355dd]" started-at="2026-04-06T09:58:57 IST" name="tearDown" finished-at="2026-04-06T09:58:58 IST" duration-ms="169" status="PASS">
          <reporter-output>
          </reporter-output>
        </test-method> <!-- tearDown -->
      </class> <!-- qtriptest.tests.Testcase02 -->
      <class name="qtriptest.tests.Testcase01">
        <test-method is-config="true" signature="setUp()[pri:0, instance:qtriptest.tests.Testcase01@7c37508a]" started-at="2026-04-06T09:57:34 IST" name="setUp" finished-at="2026-04-06T09:57:41 IST" duration-ms="6709" status="PASS">
          <reporter-output>
          </reporter-output>
        </test-method> <!-- setUp -->
        <test-method signature="TestCase01(java.lang.String,java.lang.String)[pri:1, instance:qtriptest.tests.Testcase01@7c37508a]" started-at="2026-04-06T09:57:41 IST" name="TestCase01" description="Test Case 1: Verify User Registration, Login, and Logout Flow" data-provider="data-provider" finished-at="2026-04-06T09:57:51 IST" duration-ms="10468" status="PASS">
          <params>
            <param index="0">
              <value>
                <![CDATA[testuser@gmail.com]]>
              </value>
            </param>
            <param index="1">
              <value>
                <![CDATA[abc@123]]>
              </value>
            </param>
          </params>
          <reporter-output>
            <line>
              <![CDATA[testuser@gmail.com]]>
            </line>
            <line>
              <![CDATA[abc@123]]>
            </line>
          </reporter-output>
        </test-method> <!-- TestCase01 -->
        <test-method is-config="true" signature="tearDown()[pri:0, instance:qtriptest.tests.Testcase01@7c37508a]" started-at="2026-04-06T09:57:51 IST" name="tearDown" finished-at="2026-04-06T09:57:52 IST" duration-ms="451" status="PASS">
          <reporter-output>
          </reporter-output>
        </test-method> <!-- tearDown -->
        <test-method is-config="true" signature="setUp()[pri:0, instance:qtriptest.tests.Testcase01@7c37508a]" started-at="2026-04-06T09:57:52 IST" name="setUp" finished-at="2026-04-06T09:57:55 IST" duration-ms="3209" status="PASS">
          <reporter-output>
          </reporter-output>
        </test-method> <!-- setUp -->
        <test-method signature="TestCase01(java.lang.String,java.lang.String)[pri:1, instance:qtriptest.tests.Testcase01@7c37508a]" started-at="2026-04-06T09:57:55 IST" name="TestCase01" description="Test Case 1: Verify User Registration, Login, and Logout Flow" data-provider="data-provider" finished-at="2026-04-06T09:58:06 IST" duration-ms="10922" status="PASS">
          <params>
            <param index="0">
              <value>
                <![CDATA[TESTUSER@gmail.com]]>
              </value>
            </param>
            <param index="1">
              <value>
                <![CDATA[123456.0]]>
              </value>
            </param>
          </params>
          <reporter-output>
            <line>
              <![CDATA[TESTUSER@gmail.com]]>
            </line>
            <line>
              <![CDATA[123456.0]]>
            </line>
          </reporter-output>
        </test-method> <!-- TestCase01 -->
        <test-method is-config="true" signature="tearDown()[pri:0, instance:qtriptest.tests.Testcase01@7c37508a]" started-at="2026-04-06T09:58:06 IST" name="tearDown" finished-at="2026-04-06T09:58:06 IST" duration-ms="237" status="PASS">
          <reporter-output>
          </reporter-output>
        </test-method> <!-- tearDown -->
        <test-method is-config="true" signature="setUp()[pri:0, instance:qtriptest.tests.Testcase01@7c37508a]" started-at="2026-04-06T09:58:06 IST" name="setUp" finished-at="2026-04-06T09:58:12 IST" duration-ms="5503" status="PASS">
          <reporter-output>
          </reporter-output>
        </test-method> <!-- setUp -->
        <test-method signature="TestCase01(java.lang.String,java.lang.String)[pri:1, instance:qtriptest.tests.Testcase01@7c37508a]" started-at="2026-04-06T09:58:12 IST" name="TestCase01" description="Test Case 1: Verify User Registration, Login, and Logout Flow" data-provider="data-provider" finished-at="2026-04-06T09:58:22 IST" duration-ms="10452" status="PASS">
          <params>
            <param index="0">
              <value>
                <![CDATA[123_USER_low@gmail.com]]>
              </value>
            </param>
            <param index="1">
              <value>
                <![CDATA[QWERTY!!!!]]>
              </value>
            </param>
          </params>
          <reporter-output>
            <line>
              <![CDATA[123_USER_low@gmail.com]]>
            </line>
            <line>
              <![CDATA[QWERTY!!!!]]>
            </line>
          </reporter-output>
        </test-method> <!-- TestCase01 -->
        <test-method is-config="true" signature="tearDown()[pri:0, instance:qtriptest.tests.Testcase01@7c37508a]" started-at="2026-04-06T09:58:22 IST" name="tearDown" finished-at="2026-04-06T09:58:22 IST" duration-ms="279" status="PASS">
          <reporter-output>
          </reporter-output>
        </test-method> <!-- tearDown -->
      </class> <!-- qtriptest.tests.Testcase01 -->
    </test> <!-- QTrip Tests -->
  </suite> <!-- QTrip Suite -->
</testng-results>
